
> flac-player@1.0.0 start
> webpack serve --mode development --open

<i> [webpack-dev-server] Project is running at:
<i> [webpack-dev-server] Loopback: http://localhost:3000/
<i> [webpack-dev-server] On Your Network (IPv4): http://192.168.0.2:3000/
<i> [webpack-dev-server] Content not from webpack is served from '/app/public' directory
assets by path public/ 934 KiB
  asset public/sdl-audio.wasm 727 KiB [emitted] [from: public/sdl-audio.wasm] [copied]
  asset public/sdl-audio.js 207 KiB [emitted] [from: public/sdl-audio.js] [copied]
asset bundle.1bc5dbbf36314f9c2e93.js 1.46 MiB [emitted] [immutable] (name: main)
asset index.html 700 bytes [emitted]
runtime modules 28.1 KiB 14 modules
modules by path ./node_modules/ 1.26 MiB 43 modules
modules by path ./src/ 68.3 KiB
  modules by path ./src/*.ts 40.4 KiB 6 modules
  modules by path ./src/components/ 23.9 KiB
    ./src/components/Player.tsx 15.5 KiB [built] [code generated]
    + 2 modules
  modules by path ./src/*.tsx 771 bytes
    ./src/index.tsx 275 bytes [built] [code generated]
    ./src/App.tsx 496 bytes [built] [code generated]
  modules by path ./src/*.css 3.33 KiB
    ./src/App.css 2.23 KiB [built] [code generated]
    ./node_modules/css-loader/dist/cjs.js!./src/App.css 1.09 KiB [built] [code generated]
webpack 5.103.0 compiled successfully in 4974 ms
assets by status 934 KiB [cached] 2 assets
assets by status 1.49 MiB [emitted]
  assets by path *.js 1.48 MiB
    asset bundle.c476f8cc6e070a4e638c.js 1.46 MiB [emitted] [immutable] (name: main)
    asset main.c50cf93183312654bfae.hot-update.js 21.6 KiB [emitted] [immutable] [hmr] (name: main)
  asset index.html 700 bytes [emitted]
  asset main.c50cf93183312654bfae.hot-update.json 28 bytes [emitted] [immutable] [hmr]
Entrypoint main 1.48 MiB = bundle.c476f8cc6e070a4e638c.js 1.46 MiB main.c50cf93183312654bfae.hot-update.js 21.6 KiB
cached modules 1.31 MiB [cached] 54 modules
runtime modules 28.1 KiB 14 modules
javascript modules 16.4 KiB
  ./src/App.tsx 496 bytes [built] [code generated]
  ./src/components/Player.tsx 15.9 KiB [built] [code generated]
webpack 5.103.0 compiled successfully in 549 ms
